// Jest Snapshot v1, https://goo.gl/fbAQLP

exports[`SubmissionWizard renders the form 1`] = `
<div>
  <form
    data-testid="submission-wizard-form"
  >
    <div
      class="sc-bwzfXH sc-htpNat jNWwaj"
    >
      <div
        class="sc-bwzfXH sc-ugnQR loAYsM"
      >
        <div
          class="sc-bwzfXH iaRAcB"
        >
          <div
            class="sc-bwzfXH beuRlD"
            width="1,1,500"
          >
            <div
              class="sc-bwCtUz kQHPG"
            >
              <div
                class="sc-eXEjpC kefVwT"
              >
                <span
                  class="sc-iQKALj guhEvj"
                >
                  Author
                </span>
              </div>
              <div
                class="sc-kIPQKe bGehDG"
              />
              <div
                class="sc-eXEjpC kefVwT"
              >
                <span
                  class="sc-iQKALj guhEvj"
                >
                  Files
                </span>
              </div>
              <div
                class="sc-kIPQKe bGehDG"
              />
              <div
                class="sc-eXEjpC kefVwT"
              >
                <span
                  class="sc-iQKALj guhEvj"
                >
                  Details
                </span>
              </div>
              <div
                class="sc-kIPQKe bGehDG"
              />
              <div
                class="sc-eXEjpC kefVwT"
              >
                <span
                  class="sc-iQKALj guhEvj"
                >
                  Editors
                </span>
              </div>
              <div
                class="sc-kIPQKe bGehDG"
              />
              <div
                class="sc-eXEjpC kefVwT"
              >
                <span
                  class="sc-iQKALj guhEvj"
                >
                  Disclosure
                </span>
              </div>
            </div>
          </div>
        </div>
        <div
          class="sc-eerKOB hdTJqZ"
        >
          <img
            alt="Test tube experiment"
            class="sc-emmjRN jkOBoT"
            src="/assets/error.svg"
          />
          <h1
            class="sc-jhAzac dcVnOl"
          >
            Oops!
          </h1>
          <h2
            class="sc-fBuWsC bTeJFU"
          >
            Something is wrong
          </h2>
          <pre>
            404: page not found
          </pre>
          <a
            href="/"
          >
            Back to homepage
          </a>
        </div>
        <div
          class="sc-bwzfXH sc-htpNat xGKBl"
        >
          <div
            class="sc-bwzfXH czAofS"
          >
            <button
              class="sc-dxgOiQ cowufr"
              data-test-id="back"
              type="button"
            >
              Back
            </button>
          </div>
          <div
            class="sc-bwzfXH ihgQcP"
          >
            <button
              class="sc-dxgOiQ gCHwDx"
              data-test-id="next"
              type="button"
            >
              Next
            </button>
          </div>
        </div>
      </div>
    </div>
  </form>
</div>
`;
