// Jest Snapshot v1, https://goo.gl/fbAQLP

exports[`Client config handler returns a response containing public config 1`] = `
"
  window.config = {\\"publicConfig\\":{\\"isPublic\\":true,\\"key\\":\\"value\\"}}
"
`;
