// Jest Snapshot v1, https://goo.gl/fbAQLP

exports[`Manifest XML generator returns required items 1`] = `
Object {
  "manifest": Object {
    "item": Array [
      Object {
        "description": "Contains the submission metadata",
        "file-order": "1",
        "id": "xpub-121",
        "instance": Object {
          "href": "article.xml",
          "media-type": "application/xml",
        },
        "submission-item-id": "custom001",
        "type": "article-metadata",
        "version": "0",
      },
      Object {
        "description": "Contains information about the source and destination of the transfer",
        "file-order": "1",
        "id": "xpub-122",
        "instance": Object {
          "href": "transfer.xml",
          "media-type": "application/xml",
        },
        "submission-item-id": "custom002",
        "type": "transfer-metadata",
        "version": "0",
      },
      Object {
        "description": "Article File",
        "file-order": "1",
        "filename": "00000000-6c48-4747-851c-ef806e8486b2.pdf",
        "id": "xpub-123",
        "instance": Object {
          "href": "00000000-6c48-4747-851c-ef806e8486b2.pdf",
          "media-type": "application/pdf",
        },
        "submission-item-id": "custom003",
        "title": "Article File",
        "type": "manuscript",
        "version": "0",
      },
      Object {
        "description": "The auto-generated disclosure from xPub.",
        "file-order": "1",
        "filename": "disclosure.pdf",
        "id": "xpub-124",
        "instance": Object {
          "href": "disclosure.pdf",
          "media-type": "application/pdf",
        },
        "submission-item-id": "custom004",
        "title": "Disclosure",
        "type": "disclosure",
        "version": "0",
      },
      Object {
        "description": "The cover letter supplied by the submitter.",
        "file-order": "1",
        "filename": "cover_letter.pdf",
        "id": "xpub-125",
        "instance": Object {
          "href": "cover_letter.pdf",
          "media-type": "application/pdf",
        },
        "submission-item-id": "custom005",
        "title": "Cover Letter",
        "type": "coverletter",
        "version": "0",
      },
      Object {
        "description": "1_00000001&1.docx",
        "file-order": "1",
        "filename": "1_00000001&1.docx",
        "id": "00000001-6c48-4747-851c-ef806e8486b2",
        "instance": Object {
          "href": "1_00000001&1.docx",
          "media-type": "application/vnd.openxmlformats-officedocument.wordprocessingml.document",
        },
        "submission-item-id": "00000001-6c48-4747-851c-ef806e8486b2",
        "title": "1_00000001&1.docx",
        "type": "supplemental",
        "version": "0",
      },
      Object {
        "description": "2_000000002.pdf",
        "file-order": "1",
        "filename": "2_000000002.pdf",
        "id": "00000002-6c48-4747-851c-ef806e8486b2",
        "instance": Object {
          "href": "2_000000002.pdf",
          "media-type": "application/pdf",
        },
        "submission-item-id": "00000002-6c48-4747-851c-ef806e8486b2",
        "title": "2_000000002.pdf",
        "type": "supplemental",
        "version": "0",
      },
    ],
    "version": "1",
    "xmlns": "",
  },
}
`;
